Copyright 1986-2022 Xilinx, Inc. All Rights Reserved.
--------------------------------------------------------------------------------------
| Tool Version : Vivado v.2022.1 (win64) Build 3526262 Mon Apr 18 15:48:16 MDT 2022
| Date         : Sun Jan 21 22:44:48 2024
| Host         : PC-Sten running 64-bit major release  (build 9200)
| Command      : report_control_sets -verbose -file top_level_control_sets_placed.rpt
| Design       : top_level
| Device       : xc7a35t
--------------------------------------------------------------------------------------

Control Set Information

Table of Contents
-----------------
1. Summary
2. Histogram
3. Flip-Flop Distribution
4. Detailed Control Set Information

1. Summary
----------

+----------------------------------------------------------+-------+
|                          Status                          | Count |
+----------------------------------------------------------+-------+
| Total control sets                                       |    20 |
|    Minimum number of control sets                        |    20 |
|    Addition due to synthesis replication                 |     0 |
|    Addition due to physical synthesis replication        |     0 |
| Unused register locations in slices containing registers |    71 |
+----------------------------------------------------------+-------+
* Control sets can be merged at opt_design using control_set_merge or merge_equivalent_drivers
** Run report_qor_suggestions for automated merging and remapping suggestions


2. Histogram
------------

+--------------------+-------+
|       Fanout       | Count |
+--------------------+-------+
| Total control sets |    20 |
| >= 0 to < 4        |     4 |
| >= 4 to < 6        |     1 |
| >= 6 to < 8        |     2 |
| >= 8 to < 10       |     3 |
| >= 10 to < 12      |     3 |
| >= 12 to < 14      |     1 |
| >= 14 to < 16      |     1 |
| >= 16              |     5 |
+--------------------+-------+
* Control sets can be remapped at either synth_design or opt_design


3. Flip-Flop Distribution
-------------------------

+--------------+-----------------------+------------------------+-----------------+--------------+
| Clock Enable | Synchronous Set/Reset | Asynchronous Set/Reset | Total Registers | Total Slices |
+--------------+-----------------------+------------------------+-----------------+--------------+
| No           | No                    | No                     |              47 |           32 |
| No           | No                    | Yes                    |               0 |            0 |
| No           | Yes                   | No                     |              43 |           12 |
| Yes          | No                    | No                     |              74 |           23 |
| Yes          | No                    | Yes                    |               0 |            0 |
| Yes          | Yes                   | No                     |              69 |           21 |
+--------------+-----------------------+------------------------+-----------------+--------------+


4. Detailed Control Set Information
-----------------------------------

+------------------------------+-----------------------------------------------------------+------------------------------------------------------------+------------------+----------------+--------------+
|         Clock Signal         |                       Enable Signal                       |                      Set/Reset Signal                      | Slice Load Count | Bel Load Count | Bels / Slice |
+------------------------------+-----------------------------------------------------------+------------------------------------------------------------+------------------+----------------+--------------+
|  Inst_clocks/inst/clk_out_25 |                                                           | Inst_VGA/Hsync0                                            |                1 |              1 |         1.00 |
|  Inst_clocks/inst/clk_out_50 |                                                           | Inst_ov7670_controller/Inst_i2c_sender/sioc_i_1_n_0        |                1 |              1 |         1.00 |
|  Inst_clocks/inst/clk_out_25 | Inst_VGA/eqOp                                             |                                                            |                2 |              2 |         1.00 |
|  ov7670_pclk_IBUF_BUFG       |                                                           |                                                            |                2 |              2 |         1.00 |
|  ov7670_pclk_IBUF_BUFG       | Inst_ov7670_capture/line0                                 | Inst_ov7670_capture/latched_vsync                          |                1 |              4 |         4.00 |
|  Inst_clocks/inst/clk_out_50 |                                                           |                                                            |                4 |              7 |         1.75 |
|  ov7670_pclk_IBUF_BUFG       |                                                           | Inst_ov7670_capture/href_last[6]_i_1_n_0                   |                1 |              7 |         7.00 |
|  Inst_clocks/inst/clk_out_25 | Inst_VGA/eqOp                                             | Inst_VGA/Vcnt                                              |                4 |              8 |         2.00 |
|  Inst_clocks/inst/clk_out_50 | Inst_ov7670_controller/Inst_i2c_sender/divider[7]_i_1_n_0 |                                                            |                3 |              8 |         2.67 |
|  Inst_clocks/inst/clk_out_50 | Inst_ov7670_controller/Inst_i2c_sender/taken              | Inst_debounce/o                                            |                3 |              8 |         2.67 |
|  Inst_clocks/inst/clk_out_25 |                                                           | Inst_VGA/eqOp                                              |                3 |             10 |         3.33 |
| ~ov7670_pclk_IBUF_BUFG       |                                                           |                                                            |                9 |             10 |         1.11 |
|  Inst_clocks/inst/clk_out_50 | Inst_ov7670_controller/Inst_i2c_sender/busy_sr0           | Inst_ov7670_controller/Inst_i2c_sender/data_sr[30]_i_1_n_0 |                3 |             11 |         3.67 |
|  Inst_VGA/activeArea         |                                                           |                                                            |                6 |             12 |         2.00 |
|  ov7670_pclk_IBUF_BUFG       | Inst_ov7670_capture/latched_href                          |                                                            |                8 |             15 |         1.88 |
|  Inst_clocks/inst/clk_out_25 |                                                           |                                                            |               11 |             16 |         1.45 |
|  Inst_clocks/inst/clk_out_25 | Inst_Address_Generator/val[0]_i_2_n_0                     | Inst_VGA/Vsync_reg_0                                       |                5 |             19 |         3.80 |
|  ov7670_pclk_IBUF_BUFG       | Inst_ov7670_capture/wren                                  | Inst_ov7670_capture/latched_vsync                          |                5 |             19 |         3.80 |
|  Inst_clocks/inst/clk_out_25 |                                                           | Inst_debounce/clear                                        |                6 |             24 |         4.00 |
|  Inst_clocks/inst/clk_out_50 | Inst_ov7670_controller/Inst_i2c_sender/busy_sr0           |                                                            |               10 |             49 |         4.90 |
+------------------------------+-----------------------------------------------------------+------------------------------------------------------------+------------------+----------------+--------------+


